/usr/local/lib/python3.12/dist-packages/nbformat/__init__.py:96: MissingIDFieldWarning: Cell is missing an id field, this will become a hard error in future nbformat versions. You may want to use `normalize()` on your notebooks before validations (available since nbformat 5.1.4). Previous versions of nbformat are fixing this issue transparently, and will stop doing so in the future.
validate(nb)
0.00s - Debugger warning: It seems that frozen modules are being used, which may
0.00s - make the debugger miss breakpoints. Please pass -Xfrozen_modules=off
0.00s - to python to disable frozen modules.
0.00s - Note: Debugging will proceed. Set PYDEVD_DISABLE_FILE_VALIDATION=1 to disable this validation.
0.00s - Debugger warning: It seems that frozen modules are being used, which may
0.00s - make the debugger miss breakpoints. Please pass -Xfrozen_modules=off
0.00s - to python to disable frozen modules.
0.00s - Note: Debugging will proceed. Set PYDEVD_DISABLE_FILE_VALIDATION=1 to disable this validation.
code from /kaggle/working/kalia
branch_norm in model.py: True
data: /kaggle/input/notebooks/subhajitlucky/kalia-prep-v2b/data/train.bin
arm config present: True
KALIA params: 29,922,816 | device: cuda:0 | world: 1
doc_mask: off
step 10/500 | loss 9.8905 | lr 1.50e-04 | 13,974 tok/s
step 20/500 | loss 9.0397 | lr 3.00e-04 | 14,292 tok/s
step 30/500 | loss 7.9568 | lr 4.50e-04 | 11,943 tok/s
step 40/500 | loss 7.1500 | lr 6.00e-04 | 14,244 tok/s
step 50/500 | loss 6.9613 | lr 5.99e-04 | 13,570 tok/s
step 60/500 | loss 6.7916 | lr 5.98e-04 | 14,832 tok/s
step 70/500 | loss 6.3491 | lr 5.95e-04 | 16,755 tok/s
step 80/500 | loss 6.1378 | lr 5.90e-04 | 16,047 tok/s
step 90/500 | loss 6.0487 | lr 5.85e-04 | 17,444 tok/s
step 100/500 | loss 6.0501 | lr 5.78e-04 | 16,854 tok/s
step 100 | val loss 6.1606
step 110/500 | loss 5.8919 | lr 5.71e-04 | 15,771 tok/s
step 120/500 | loss 5.7532 | lr 5.62e-04 | 17,504 tok/s
step 130/500 | loss 5.8359 | lr 5.52e-04 | 18,152 tok/s
step 140/500 | loss 5.5065 | lr 5.41e-04 | 19,516 tok/s
step 150/500 | loss 5.6501 | lr 5.29e-04 | 17,922 tok/s
step 160/500 | loss 5.6123 | lr 5.16e-04 | 15,426 tok/s
step 170/500 | loss 5.4113 | lr 5.02e-04 | 19,169 tok/s
step 180/500 | loss 5.5383 | lr 4.87e-04 | 20,105 tok/s
step 190/500 | loss 5.4743 | lr 4.72e-04 | 16,939 tok/s
step 200/500 | loss 5.4688 | lr 4.56e-04 | 19,476 tok/s
step 200 | val loss 5.2772
step 210/500 | loss 5.1377 | lr 4.39e-04 | 18,826 tok/s
step 220/500 | loss 5.2247 | lr 4.22e-04 | 20,076 tok/s
step 230/500 | loss 5.2394 | lr 4.05e-04 | 19,427 tok/s
step 240/500 | loss 5.1318 | lr 3.87e-04 | 20,539 tok/s
step 250/500 | loss 5.2258 | lr 3.69e-04 | 18,497 tok/s
step 260/500 | loss 5.0805 | lr 3.50e-04 | 17,623 tok/s
step 270/500 | loss 4.9367 | lr 3.32e-04 | 18,493 tok/s
step 280/500 | loss 5.0239 | lr 3.13e-04 | 19,177 tok/s
step 290/500 | loss 4.9157 | lr 2.95e-04 | 18,949 tok/s
step 300/500 | loss 5.0774 | lr 2.77e-04 | 17,286 tok/s
step 300 | val loss 5.0264
step 310/500 | loss 5.1109 | lr 2.59e-04 | 18,238 tok/s
step 320/500 | loss 4.9276 | lr 2.41e-04 | 19,475 tok/s
step 330/500 | loss 4.9621 | lr 2.24e-04 | 18,787 tok/s
step 340/500 | loss 4.9748 | lr 2.07e-04 | 18,775 tok/s
step 350/500 | loss 4.7897 | lr 1.91e-04 | 22,097 tok/s
step 360/500 | loss 4.8152 | lr 1.76e-04 | 20,059 tok/s
step 370/500 | loss 4.9191 | lr 1.61e-04 | 20,610 tok/s
step 380/500 | loss 4.7214 | lr 1.47e-04 | 20,567 tok/s
step 390/500 | loss 4.9179 | lr 1.34e-04 | 24,658 tok/s
step 400/500 | loss 4.8160 | lr 1.22e-04 | 25,002 tok/s
step 400 | val loss 4.8699
step 410/500 | loss 4.7700 | lr 1.10e-04 | 25,671 tok/s
step 420/500 | loss 4.6912 | lr 1.00e-04 | 25,464 tok/s
step 430/500 | loss 4.8949 | lr 9.11e-05 | 25,669 tok/s
step 440/500 | loss 4.7805 | lr 8.31e-05 | 27,847 tok/s
step 450/500 | loss 4.9172 | lr 7.62e-05 | 26,058 tok/s
step 460/500 | loss 4.7412 | lr 7.05e-05 | 27,342 tok/s
step 470/500 | loss 4.7372 | lr 6.60e-05 | 27,119 tok/s
step 480/500 | loss 4.8052 | lr 6.28e-05 | 27,624 tok/s
step 490/500 | loss 4.8026 | lr 6.08e-05 | 25,584 tok/s
step 500/500 | loss 4.6799 | lr 6.00e-05 | 26,957 tok/s
step 500 | val loss 4.7680
final checkpoint saved at step 500
data: /kaggle/input/notebooks/subhajitlucky/kalia-prep-v2b/data
ARM: micro-branchnorm
ABLATION SUMMARY (final step, val loss, abhimanyu gap)
micro-branchnorm         500,4.7680
micro-branchnorm: 100=6.1606  200=5.2772  300=5.0264  400=4.8699  500=4.7680
final val loss 4.7680
G-2: checkpoint params 49,221,504 | expected 29,922,816 | FAIL
G-2: gate tensors present: 0 (expected 0 for this arm)
G-2: branch tensors present: 24
Traceback (most recent call last):
File "<string>", line 1, in <module>
File "/usr/local/lib/python3.12/dist-packages/papermill/execute.py", line 131, in execute_notebook
raise_for_execution_errors(nb, output_path)
File "/usr/local/lib/python3.12/dist-packages/papermill/execute.py", line 251, in raise_for_execution_errors
raise error
papermill.exceptions.PapermillExecutionError:
Exception encountered at "In [4]":
AssertionError                            Traceback (most recent call last)
/tmp/ipykernel_23/2818078965.py in <cell line: 0>()
16 print(f'G-2: branch tensors present: {len(branches)}')
17 assert not gates, 'this arm must carry no gate parameters'
---> 18 assert n_params == EXPECTED, f'parameter count {n_params} != {EXPECTED}'
19 print('G-2 PASS')
AssertionError: parameter count 49221504 != 29922816
/usr/local/lib/python3.12/dist-packages/mistune.py:435: SyntaxWarning: invalid escape sequence '\|'
cells[i][c] = re.sub('\\\\\|', '|', cell)
/usr/local/lib/python3.12/dist-packages/nbconvert/filters/filter_links.py:36: SyntaxWarning: invalid escape sequence '\_'
text = re.sub(r'_', '\_', text) # Escape underscores in display text
[NbConvertApp] Converting notebook __notebook__.ipynb to notebook
[NbConvertApp] Writing 16892 bytes to __notebook__.ipynb
[NbConvertApp] Converting notebook __notebook__.ipynb to html
[NbConvertApp] Writing 300051 bytes to __results__.html
[104 lines in 1s (feed closed)]
