/usr/local/lib/python3.12/dist-packages/nbformat/__init__.py:96: MissingIDFieldWarning: Cell is missing an id field, this will become a hard error in future nbformat versions. You may want to use `normalize()` on your notebooks before validations (available since nbformat 5.1.4). Previous versions of nbformat are fixing this issue transparently, and will stop doing so in the future.
validate(nb)
0.00s - Debugger warning: It seems that frozen modules are being used, which may
0.00s - make the debugger miss breakpoints. Please pass -Xfrozen_modules=off
0.00s - to python to disable frozen modules.
0.00s - Note: Debugging will proceed. Set PYDEVD_DISABLE_FILE_VALIDATION=1 to disable this validation.
0.00s - Debugger warning: It seems that frozen modules are being used, which may
0.00s - make the debugger miss breakpoints. Please pass -Xfrozen_modules=off
0.00s - to python to disable frozen modules.
0.00s - Note: Debugging will proceed. Set PYDEVD_DISABLE_FILE_VALIDATION=1 to disable this validation.
code from /kaggle/working/kalia
static_gate in model.py: True
data: /kaggle/input/notebooks/subhajitlucky/kalia-prep-v2b/data/train.bin
micro-base-s1338             seed=1338 static_gate=False
micro-staticgate-s1338       seed=1338 static_gate=True
micro-base-s1339             seed=1339 static_gate=False
micro-staticgate-s1339       seed=1339 static_gate=True
/500 | loss 4.8858 | lr 2.77e-04 | 34,168 tok/s
step 300 | val loss 5.0547
step 310/500 | loss 5.1578 | lr 2.59e-04 | 33,834 tok/s
step 320/500 | loss 4.8652 | lr 2.41e-04 | 33,804 tok/s
step 330/500 | loss 4.9342 | lr 2.24e-04 | 33,902 tok/s
step 340/500 | loss 4.9630 | lr 2.07e-04 | 33,873 tok/s
step 350/500 | loss 4.6756 | lr 1.91e-04 | 33,990 tok/s
step 360/500 | loss 4.8743 | lr 1.76e-04 | 33,967 tok/s
step 370/500 | loss 4.9444 | lr 1.61e-04 | 33,942 tok/s
step 380/500 | loss 4.6977 | lr 1.47e-04 | 33,813 tok/s
step 390/500 | loss 4.8473 | lr 1.34e-04 | 34,130 tok/s
step 400/500 | loss 4.7592 | lr 1.22e-04 | 34,098 tok/s
step 400 | val loss 4.6659
step 410/500 | loss 4.6789 | lr 1.10e-04 | 34,326 tok/s
step 420/500 | loss 4.6888 | lr 1.00e-04 | 34,057 tok/s
step 430/500 | loss 4.7100 | lr 9.11e-05 | 34,207 tok/s
step 440/500 | loss 4.8613 | lr 8.31e-05 | 34,083 tok/s
step 450/500 | loss 4.7722 | lr 7.62e-05 | 34,021 tok/s
step 460/500 | loss 4.8231 | lr 7.05e-05 | 33,925 tok/s
step 470/500 | loss 4.7886 | lr 6.60e-05 | 34,202 tok/s
step 480/500 | loss 4.7502 | lr 6.28e-05 | 34,177 tok/s
step 490/500 | loss 4.8699 | lr 6.08e-05 | 34,247 tok/s
step 500/500 | loss 4.8237 | lr 6.00e-05 | 34,086 tok/s
step 500 | val loss 4.8908
final checkpoint saved at step 500
KALIA params: 29,999,040 | device: cuda:0 | world: 1
doc_mask: off
step 10/500 | loss 9.9227 | lr 1.50e-04 | 31,401 tok/s
step 20/500 | loss 9.0482 | lr 3.00e-04 | 31,616 tok/s
step 30/500 | loss 7.9027 | lr 4.50e-04 | 31,874 tok/s
step 40/500 | loss 7.1827 | lr 6.00e-04 | 31,957 tok/s
step 50/500 | loss 6.8626 | lr 5.99e-04 | 31,775 tok/s
step 60/500 | loss 6.5766 | lr 5.98e-04 | 31,691 tok/s
step 70/500 | loss 6.4137 | lr 5.95e-04 | 31,842 tok/s
step 80/500 | loss 6.2169 | lr 5.90e-04 | 31,828 tok/s
step 90/500 | loss 6.1441 | lr 5.85e-04 | 31,964 tok/s
step 100/500 | loss 5.9474 | lr 5.78e-04 | 32,064 tok/s
step 100 | val loss 5.9459
step 110/500 | loss 5.7656 | lr 5.71e-04 | 31,929 tok/s
step 120/500 | loss 6.0168 | lr 5.62e-04 | 31,794 tok/s
step 130/500 | loss 5.7903 | lr 5.52e-04 | 31,828 tok/s
step 140/500 | loss 5.4582 | lr 5.41e-04 | 31,948 tok/s
step 150/500 | loss 5.3511 | lr 5.29e-04 | 31,906 tok/s
step 160/500 | loss 5.3793 | lr 5.16e-04 | 31,900 tok/s
step 170/500 | loss 5.4994 | lr 5.02e-04 | 31,964 tok/s
step 180/500 | loss 5.2677 | lr 4.87e-04 | 31,980 tok/s
step 190/500 | loss 5.3056 | lr 4.72e-04 | 31,943 tok/s
step 200/500 | loss 5.2141 | lr 4.56e-04 | 31,878 tok/s
step 200 | val loss 5.1411
step 210/500 | loss 5.2313 | lr 4.39e-04 | 31,961 tok/s
step 220/500 | loss 5.2010 | lr 4.22e-04 | 31,971 tok/s
step 230/500 | loss 5.2334 | lr 4.05e-04 | 31,976 tok/s
step 240/500 | loss 5.1118 | lr 3.87e-04 | 31,963 tok/s
step 250/500 | loss 4.9981 | lr 3.69e-04 | 31,956 tok/s
step 260/500 | loss 5.0005 | lr 3.50e-04 | 31,965 tok/s
step 270/500 | loss 4.9342 | lr 3.32e-04 | 31,963 tok/s
step 280/500 | loss 5.0817 | lr 3.13e-04 | 31,923 tok/s
step 290/500 | loss 4.8084 | lr 2.95e-04 | 31,994 tok/s
step 300/500 | loss 4.8947 | lr 2.77e-04 | 31,926 tok/s
step 300 | val loss 4.9996
step 310/500 | loss 5.1661 | lr 2.59e-04 | 31,967 tok/s
step 320/500 | loss 4.8690 | lr 2.41e-04 | 31,932 tok/s
step 330/500 | loss 4.9494 | lr 2.24e-04 | 31,997 tok/s
step 340/500 | loss 4.9690 | lr 2.07e-04 | 32,036 tok/s
step 350/500 | loss 4.6813 | lr 1.91e-04 | 31,971 tok/s
step 360/500 | loss 4.8796 | lr 1.76e-04 | 31,929 tok/s
step 370/500 | loss 4.9488 | lr 1.61e-04 | 31,924 tok/s
step 380/500 | loss 4.7038 | lr 1.47e-04 | 32,001 tok/s
step 390/500 | loss 4.8554 | lr 1.34e-04 | 31,995 tok/s
step 400/500 | loss 4.7659 | lr 1.22e-04 | 31,932 tok/s
step 400 | val loss 4.7341
step 410/500 | loss 4.6824 | lr 1.10e-04 | 31,954 tok/s
step 420/500 | loss 4.6942 | lr 1.00e-04 | 32,050 tok/s
step 430/500 | loss 4.7130 | lr 9.11e-05 | 32,024 tok/s
step 440/500 | loss 4.8708 | lr 8.31e-05 | 31,844 tok/s
step 450/500 | loss 4.7759 | lr 7.62e-05 | 31,907 tok/s
step 460/500 | loss 4.8281 | lr 7.05e-05 | 31,802 tok/s
step 470/500 | loss 4.7901 | lr 6.60e-05 | 31,910 tok/s
step 480/500 | loss 4.7579 | lr 6.28e-05 | 31,924 tok/s
step 490/500 | loss 4.8783 | lr 6.08e-05 | 31,958 tok/s
step 500/500 | loss 4.8342 | lr 6.00e-05 | 32,012 tok/s
step 500 | val loss 4.9087
final checkpoint saved at step 500
data: /kaggle/input/notebooks/subhajitlucky/kalia-prep-v2b/data
ARM: micro-base-s1338
ARM: micro-staticgate-s1338
ARM: micro-base-s1339
ARM: micro-staticgate-s1339
ABLATION SUMMARY (final step, val loss, abhimanyu gap)
micro-base-s1338         500,4.8769
micro-staticgate-s1338   500,4.9623
micro-base-s1339         500,4.8908
micro-staticgate-s1339   500,4.9087
micro-base-s1338             100=6.0044  200=5.3419  300=5.0780  400=4.8592  500=4.8769
micro-staticgate-s1338       100=6.0207  200=5.5024  300=5.0403  400=4.8170  500=4.9623
micro-base-s1339             100=5.8744  200=5.2720  300=5.0547  400=4.6659  500=4.8908
micro-staticgate-s1339       100=5.9459  200=5.1411  300=4.9996  400=4.7341  500=4.9087
=== paired deltas (staticgate - control) ===
seed   control  staticgate     delta  R-2
1338    4.8769      4.9623   +0.0854  FAIL
1339    4.8908      4.9087   +0.0179  FAIL
mean paired delta +0.0516 | R-1 (mean <= -0.05) FAIL
R-2 (every seed <= -0.05) FAIL
control seed spread: 4.8769 .. 4.8908 = 0.0139 nats
this is the first time we have measured it; every delta in this
project has silently assumed the control is seed-invariant.
=== verdict, fixed in the pre-registration ===
X20 WAS A SINGLE-SEED ARTIFACT. Report that plainly and close
the gated-residual line. This is the third architecture arm to
produce an effect that did not survive scrutiny.
X20 reported 4.6304 on seed 1337; this run's staticgate
mean is 4.9355 -
the gap between the first observation and the replication is itself
the finding, and it is why R-2 was registered separately.
/usr/local/lib/python3.12/dist-packages/mistune.py:435: SyntaxWarning: invalid escape sequence '\|'
cells[i][c] = re.sub('\\\\\|', '|', cell)
/usr/local/lib/python3.12/dist-packages/nbconvert/filters/filter_links.py:36: SyntaxWarning: invalid escape sequence '\_'
text = re.sub(r'_', '\_', text) # Escape underscores in display text
[NbConvertApp] Converting notebook __notebook__.ipynb to notebook
[NbConvertApp] Writing 19009 bytes to __notebook__.ipynb
[NbConvertApp] Converting notebook __notebook__.ipynb to html
[NbConvertApp] Writing 308460 bytes to __results__.html
[139 lines in 2s (feed closed)]
